<html>
<body>
<pre>
<h1>礦ision Build Log</h1>
<h2>Tool Versions:</h2>
IDE-Version: μVision V5.24.2.0
Copyright (C) 2017 ARM Ltd and ARM Germany GmbH. All rights reserved.
License Information: 0 8618698994458, 0, LIC=X96CK-Z60M9-740S0-BQD3T-5SI4Q-8HY0P
 
Tool Versions:
Toolchain:       MDK-ARM Plus  Version: 5.24.1
Toolchain Path:  D:\kkkkk55555\ARM\ARMCC\Bin
C Compiler:      Armcc.exe V5.06 update 5 (build 528)
Assembler:       Armasm.exe V5.06 update 5 (build 528)
Linker/Locator:  ArmLink.exe V5.06 update 5 (build 528)
Library Manager: ArmAr.exe V5.06 update 5 (build 528)
Hex Converter:   FromElf.exe V5.06 update 5 (build 528)
CPU DLL:         SARMCM3.DLL V5.24.1
Dialog DLL:      DCM.DLL V1.16.0.0
Target DLL:      STLink\ST-LINKIII-KEIL_SWO.dll V3.0.1.0
Dialog DLL:      TCM.DLL V1.32.0.0
 
<h2>Project:</h2>
C:\Users\86186\Desktop\smartcar\MDK-ARM\smartcar.uvprojx
Project File Date:  05/07/2023

<h2>Output:</h2>
*** Using Compiler 'V5.06 update 5 (build 528)', folder: 'D:\kkkkk55555\ARM\ARMCC\Bin'
Build target 'smartcar'
compiling main.c...
../Core/Src/main.c(129): warning:  #188-D: enumerated type mixed with another type
       HAL_GPIO_WritePin(
PIOA,
PIO_PIN_6,1);//led闪烁3次后启动
../Core/Src/main.c(131): warning:  #188-D: enumerated type mixed with another type
  	HAL_GPIO_WritePin(
PIOA,
PIO_PIN_6,0);
../Core/Src/main.c(133): warning:  #188-D: enumerated type mixed with another type
  	HAL_GPIO_WritePin(
PIOA,
PIO_PIN_6,1);
../Core/Src/main.c(135): warning:  #188-D: enumerated type mixed with another type
  	HAL_GPIO_WritePin(
PIOA,
PIO_PIN_6,0);
../Core/Src/main.c(137): warning:  #188-D: enumerated type mixed with another type
  	HAL_GPIO_WritePin(
PIOA,
PIO_PIN_6,1);
../Core/Src/main.c(139): warning:  #188-D: enumerated type mixed with another type
  	HAL_GPIO_WritePin(
PIOA,
PIO_PIN_6,0);
../Core/Src/main.c(140): warning:  #188-D: enumerated type mixed with another type
  	HAL_GPIO_WritePin(
PIOA,
PIO_PIN_7,1);//启动电机驱动模块
../Core/Src/main.c(153): warning:  #188-D: enumerated type mixed with another type
  	    HAL_GPIO_WritePin(
PIOA,
PIO_PIN_6,1);//led警示
../Core/Src/main.c(166): warning:  #188-D: enumerated type mixed with another type
  		   HAL_GPIO_WritePin(
PIOB,
PIO_PIN_4,0);
../Core/Src/main.c(167): warning:  #188-D: enumerated type mixed with another type
  		   HAL_GPIO_WritePin(
PIOB,
PIO_PIN_5,1);
../Core/Src/main.c(176): warning:  #188-D: enumerated type mixed with another type
  		   HAL_GPIO_WritePin(
PIOB,
PIO_PIN_4,0);
../Core/Src/main.c(177): warning:  #188-D: enumerated type mixed with another type
  		   HAL_GPIO_WritePin(
PIOB,
PIO_PIN_5,1);
../Core/Src/main.c(189): warning:  #188-D: enumerated type mixed with another type
  		   HAL_GPIO_WritePin(
PIOB,
PIO_PIN_4,1);
../Core/Src/main.c(190): warning:  #188-D: enumerated type mixed with another type
  		   HAL_GPIO_WritePin(
PIOB,
PIO_PIN_5,0);
../Core/Src/main.c(200): warning:  #188-D: enumerated type mixed with another type
  	       HAL_GPIO_WritePin(
PIOA,
PIO_PIN_6,0);//警示灯熄灭
../Core/Src/main.c(204): warning:  #188-D: enumerated type mixed with another type
  		   HAL_GPIO_WritePin(
PIOB,
PIO_PIN_4,1);
../Core/Src/main.c(205): warning:  #188-D: enumerated type mixed with another type
  		   HAL_GPIO_WritePin(
PIOB,
PIO_PIN_5,1);
../Core/Src/main.c: 17 warnings, 0 errors
linking...
Program Size: Code=6600 RO-data=284 RW-data=36 ZI-data=1924  
FromELF: creating hex file...
"smartcar\smartcar.axf" - 0 Error(s), 17 Warning(s).

<h2>Software Packages used:</h2>

Package Vendor: ARM
                http://www.keil.com/pack/ARM.CMSIS.5.0.1.pack
                ARM.CMSIS.5.0.1
                CMSIS (Cortex Microcontroller Software Interface Standard)
   * Component: CORE Version: 5.0.1

Package Vendor: Keil
                http://www.keil.com/pack/Keil.STM32F1xx_DFP.2.2.0.pack
                Keil.STM32F1xx_DFP.2.2.0
                STMicroelectronics STM32F1 Series Device Support, Drivers and Examples

<h2>Collection of Component include folders:</h2>
  .\RTE\_smartcar
  D:\kkkkk55555\ARM\PACK\ARM\CMSIS\5.0.1\CMSIS\Include
  D:\kkkkk55555\ARM\PACK\Keil\STM32F1xx_DFP\2.2.0\Device\Include

<h2>Collection of Component Files used:</h2>

   * Component: ARM::CMSIS:CORE:5.0.1
Build Time Elapsed:  00:00:02
</pre>
</body>
</html>
